// Jest Snapshot v1, https://goo.gl/fbAQLP

exports[`<HOME /> renders Home Component 1`] = `
<div
  className="css-1wirx3w"
>
  <div
    aria-label="navigation"
    className="css-1k39m3u"
    role="tablist"
  >
    <div
      className="css-9lc4tj"
    >
      <button
        aria-controls="tabpanel-1"
        aria-selected={true}
        className="css-1naocwp"
        id="tab-1"
        onClick={[Function]}
        role="tab"
        type="button"
      >
        <p
          className="css-1ph9szf"
        >
          1
        </p>
        <div
          className="css-3wo3jb"
          id="tab-indicator-1"
        />
      </button>
      <button
        aria-controls="tabpanel-2"
        aria-selected={false}
        className="css-1naocwp"
        id="tab-2"
        onClick={[Function]}
        role="tab"
        tabIndex={-1}
        type="button"
      >
        <p
          className="css-1ybwqpv"
        >
          2
        </p>
      </button>
      <button
        aria-controls="tabpanel-3"
        aria-selected={false}
        className="css-1naocwp"
        id="tab-3"
        onClick={[Function]}
        role="tab"
        tabIndex={-1}
        type="button"
      >
        <p
          className="css-1ybwqpv"
        >
          3
        </p>
      </button>
    </div>
  </div>
  <div
    className="css-bc2c4v"
    hidden={false}
    role="tabpanel"
  >
    <p>
      Tab Panel #1
    </p>
  </div>
  <div
    className="css-bc2c4v"
    hidden={true}
    role="tabpanel"
  >
    <p>
      Tab Panel #2
    </p>
  </div>
  <div
    className="css-bc2c4v"
    hidden={true}
    role="tabpanel"
  >
    <p>
      Tab Panel #3
    </p>
  </div>
</div>
`;
